// Jest Snapshot v1, https://goo.gl/fbAQLP

exports[`test an app render an app correctly 1`] = `
<View
  style={
    Object {
      "alignItems": "center",
      "backgroundColor": "#fff",
      "flex": 1,
      "justifyContent": "center",
    }
  }
>
  <Text>
    Hi welcome to react native app.
  </Text>
</View>
`;
